================================================================================
LAB 1.3 TEACHING LAB REPORT: MEASURED ACOUSTIC VALUES
================================================================================
tone file sha256: 4ef1f94fc2097c6c82a54f523dfaa24c0ecbf9c623a70820cda3c860affc5356
w[0]: 0.080000, w[200]: 0.999986, w[399]: 0.080000
window detector:
  rect: first null = 40.04 Hz, first sidelobe = 57.13 Hz, level = -13.26 dB
  ham:  first null = 80.32 Hz, first sidelobe = 88.87 Hz, level = -44.45 dB
  null-to-null widths: rectangular = 80 Hz, Hamming = 160 Hz
cosine-probe sum (zero shift): 105.3388, sine-probe sum: 20.8916
cosine-probe sum (quarter-cycle shift): -19.2665, sine-probe sum: 105.7369
phase shift ratios:
  cosine magnitude ratio: 0.1829 (18.29%), drop = 81.71%
  cosine energy ratio: 0.0335 (3.35%), drop = 96.65%
  power relative change: 0.001629 (0.1629%)
argmax bin: 14 (437.5 Hz)
bin 14: Re = 105.3388, Im = 20.8916, Power = 11532.71
direct-DFT product count: 262144, radix-2 butterfly count: 2304
power spectrum operations: 514 squares, 257 adds, total 771 real operations
mel(8000): 2840.02, step_mel: 35.062, filter-0 edges: [0, 0, 1], filter-79 edges: [239, 247, 256]
collapsed count: 3
filterbank classification:
  dead count: 1, indices: [2], filter 2 max weight: 0.0000
  one-tap count: 18, indices: [0, 1, 3, 4, 5, 6, 7, 8, 9, 10, 11, 12, 13, 14, 15, 16, 19, 22]
  multi-bin count: 61
  filter 15: nonzero index = 14, weight = 1.0000
g for bin 14 (Filter 15): 1.0000
log energies: ln(P[14]) = 9.3529, ln(1.0) = 0.0000, ln(1e-8 clamped) = -13.8155
speech a (sample_speech_a.wav): peak frame 66, top 3 bands: Band 13 (382.1 Hz: 3.26), Band 14 (416.3 Hz: 3.15), Band 10 (285.7 Hz: 2.16)
speech b (sample_speech_b.wav): peak frame 64, top 3 bands: Band 21 (687.9 Hz: 5.26), Band 22 (731.7 Hz: 5.12), Band 31 (1194.4 Hz: 4.61)
generated figures: ['fig_1_3_window_vi.pdf', 'fig_1_3_probe_vi.pdf', 'fig_1_3_grid_vi.pdf', 'fig_1_3b_vi.pdf', 'fig_1_3_speech_vi.pdf']
================================================================================
