ring_bytes=1600
one_bram_bytes=4608
ring_percent_of_one_bram=34.7
bram_blocks=144
all_bram_bytes=663552
all_bram_kib=648
datasheet_bram_kbit=5184
dense_bytes=82240
dense_products_per_frame=20560
used_weight_bytes=3328
multiply_per_frame=407
add_per_frame=346
multiply_per_second=40700
cited rating, not measured by this lab.
cited_sparse_int8_tops=67
cited_power_ceiling_w=25
halved_sparse_tops=33.5
quotient_mac_as_one=823095823.10
quotient_mac_as_two=411547911.55
dsp48e2_cited=1248
frames_in_one_second=98
last_start=15520
last_end=15920
tail_samples=80
batch8_delay_ms=70
dead_count=1
onetap_count=18
multitap_count=61
